Archive member included to satisfy reference by file (symbol)

C:/ST/STM32CubeIDE_1.19.0/STM32CubeIDE/plugins/com.st.stm32cube.ide.mcu.externaltools.gnu-tools-for-stm32.13.3.rel1.win32_1.0.0.202411081344/tools/bin/../lib/gcc/arm-none-eabi/13.3.1/../../../../arm-none-eabi/lib/thumb/v7e-m+fp/hard\libc_nano.a(libc_a-exit.o)
                              C:/ST/STM32CubeIDE_1.19.0/STM32CubeIDE/plugins/com.st.stm32cube.ide.mcu.externaltools.gnu-tools-for-stm32.13.3.rel1.win32_1.0.0.202411081344/tools/bin/../lib/gcc/arm-none-eabi/13.3.1/../../../../arm-none-eabi/lib/thumb/v7e-m+fp/hard/crt0.o (exit)
C:/ST/STM32CubeIDE_1.19.0/STM32CubeIDE/plugins/com.st.stm32cube.ide.mcu.externaltools.gnu-tools-for-stm32.13.3.rel1.win32_1.0.0.202411081344/tools/bin/../lib/gcc/arm-none-eabi/13.3.1/../../../../arm-none-eabi/lib/thumb/v7e-m+fp/hard\libc_nano.a(libc_a-findfp.o)
                              C:/ST/STM32CubeIDE_1.19.0/STM32CubeIDE/plugins/com.st.stm32cube.ide.mcu.externaltools.gnu-tools-for-stm32.13.3.rel1.win32_1.0.0.202411081344/tools/bin/../lib/gcc/arm-none-eabi/13.3.1/../../../../arm-none-eabi/lib/thumb/v7e-m+fp/hard\libc_nano.a(libc_a-exit.o) (__stdio_exit_handler)
C:/ST/STM32CubeIDE_1.19.0/STM32CubeIDE/plugins/com.st.stm32cube.ide.mcu.externaltools.gnu-tools-for-stm32.13.3.rel1.win32_1.0.0.202411081344/tools/bin/../lib/gcc/arm-none-eabi/13.3.1/../../../../arm-none-eabi/lib/thumb/v7e-m+fp/hard\libc_nano.a(libc_a-fwalk.o)
                              C:/ST/STM32CubeIDE_1.19.0/STM32CubeIDE/plugins/com.st.stm32cube.ide.mcu.externaltools.gnu-tools-for-stm32.13.3.rel1.win32_1.0.0.202411081344/tools/bin/../lib/gcc/arm-none-eabi/13.3.1/../../../../arm-none-eabi/lib/thumb/v7e-m+fp/hard\libc_nano.a(libc_a-findfp.o) (_fwalk_sglue)
C:/ST/STM32CubeIDE_1.19.0/STM32CubeIDE/plugins/com.st.stm32cube.ide.mcu.externaltools.gnu-tools-for-stm32.13.3.rel1.win32_1.0.0.202411081344/tools/bin/../lib/gcc/arm-none-eabi/13.3.1/../../../../arm-none-eabi/lib/thumb/v7e-m+fp/hard\libc_nano.a(libc_a-stdio.o)
                              C:/ST/STM32CubeIDE_1.19.0/STM32CubeIDE/plugins/com.st.stm32cube.ide.mcu.externaltools.gnu-tools-for-stm32.13.3.rel1.win32_1.0.0.202411081344/tools/bin/../lib/gcc/arm-none-eabi/13.3.1/../../../../arm-none-eabi/lib/thumb/v7e-m+fp/hard\libc_nano.a(libc_a-findfp.o) (__sread)
C:/ST/STM32CubeIDE_1.19.0/STM32CubeIDE/plugins/com.st.stm32cube.ide.mcu.externaltools.gnu-tools-for-stm32.13.3.rel1.win32_1.0.0.202411081344/tools/bin/../lib/gcc/arm-none-eabi/13.3.1/../../../../arm-none-eabi/lib/thumb/v7e-m+fp/hard\libc_nano.a(libc_a-memcmp.o)
                              ./Core/Src/lcd_control.o (memcmp)
C:/ST/STM32CubeIDE_1.19.0/STM32CubeIDE/plugins/com.st.stm32cube.ide.mcu.externaltools.gnu-tools-for-stm32.13.3.rel1.win32_1.0.0.202411081344/tools/bin/../lib/gcc/arm-none-eabi/13.3.1/../../../../arm-none-eabi/lib/thumb/v7e-m+fp/hard\libc_nano.a(libc_a-memset.o)
                              C:/ST/STM32CubeIDE_1.19.0/STM32CubeIDE/plugins/com.st.stm32cube.ide.mcu.externaltools.gnu-tools-for-stm32.13.3.rel1.win32_1.0.0.202411081344/tools/bin/../lib/gcc/arm-none-eabi/13.3.1/../../../../arm-none-eabi/lib/thumb/v7e-m+fp/hard/crt0.o (memset)
C:/ST/STM32CubeIDE_1.19.0/STM32CubeIDE/plugins/com.st.stm32cube.ide.mcu.externaltools.gnu-tools-for-stm32.13.3.rel1.win32_1.0.0.202411081344/tools/bin/../lib/gcc/arm-none-eabi/13.3.1/../../../../arm-none-eabi/lib/thumb/v7e-m+fp/hard\libc_nano.a(libc_a-closer.o)
                              C:/ST/STM32CubeIDE_1.19.0/STM32CubeIDE/plugins/com.st.stm32cube.ide.mcu.externaltools.gnu-tools-for-stm32.13.3.rel1.win32_1.0.0.202411081344/tools/bin/../lib/gcc/arm-none-eabi/13.3.1/../../../../arm-none-eabi/lib/thumb/v7e-m+fp/hard\libc_nano.a(libc_a-stdio.o) (_close_r)
C:/ST/STM32CubeIDE_1.19.0/STM32CubeIDE/plugins/com.st.stm32cube.ide.mcu.externaltools.gnu-tools-for-stm32.13.3.rel1.win32_1.0.0.202411081344/tools/bin/../lib/gcc/arm-none-eabi/13.3.1/../../../../arm-none-eabi/lib/thumb/v7e-m+fp/hard\libc_nano.a(libc_a-reent.o)
                              C:/ST/STM32CubeIDE_1.19.0/STM32CubeIDE/plugins/com.st.stm32cube.ide.mcu.externaltools.gnu-tools-for-stm32.13.3.rel1.win32_1.0.0.202411081344/tools/bin/../lib/gcc/arm-none-eabi/13.3.1/../../../../arm-none-eabi/lib/thumb/v7e-m+fp/hard\libc_nano.a(libc_a-closer.o) (errno)
C:/ST/STM32CubeIDE_1.19.0/STM32CubeIDE/plugins/com.st.stm32cube.ide.mcu.externaltools.gnu-tools-for-stm32.13.3.rel1.win32_1.0.0.202411081344/tools/bin/../lib/gcc/arm-none-eabi/13.3.1/../../../../arm-none-eabi/lib/thumb/v7e-m+fp/hard\libc_nano.a(libc_a-impure.o)
                              C:/ST/STM32CubeIDE_1.19.0/STM32CubeIDE/plugins/com.st.stm32cube.ide.mcu.externaltools.gnu-tools-for-stm32.13.3.rel1.win32_1.0.0.202411081344/tools/bin/../lib/gcc/arm-none-eabi/13.3.1/../../../../arm-none-eabi/lib/thumb/v7e-m+fp/hard\libc_nano.a(libc_a-reent.o) (_impure_ptr)
[...]
Memory Configuration

Name             Origin             Length             Attributes
CCMRAM           0x10000000         0x00004000         xrw
RAM              0x20000000         0x00010000         xrw
FLASH            0x08000000         0x00080000         xr
*default*        0x00000000         0xffffffff

Linker script and memory map

LOAD C:/ST/STM32CubeIDE_1.19.0/STM32CubeIDE/plugins/com.st.stm32cube.ide.mcu.externaltools.gnu-tools-for-stm32.13.3.rel1.win32_1.0.0.202411081344/tools/bin/../lib/gcc/arm-none-eabi/13.3.1/thumb/v7e-m+fp/hard/crti.o
LOAD C:/ST/STM32CubeIDE_1.19.0/STM32CubeIDE/plugins/com.st.stm32cube.ide.mcu.externaltools.gnu-tools-for-stm32.13.3.rel1.win32_1.0.0.202411081344/tools/bin/../lib/gcc/arm-none-eabi/13.3.1/thumb/v7e-m+fp/hard/crtbegin.o
LOAD C:/ST/STM32CubeIDE_1.19.0/STM32CubeIDE/plugins/com.st.stm32cube.ide.mcu.externaltools.gnu-tools-for-stm32.13.3.rel1.win32_1.0.0.202411081344/tools/bin/../lib/gcc/arm-none-eabi/13.3.1/../../../../arm-none-eabi/lib/thumb/v7e-m+fp/hard/crt0.o
LOAD ./Core/Src/RC522.o
LOAD ./Core/Src/button_debounce.o
LOAD ./Core/Src/cards_and_tags.o
LOAD ./Core/Src/gpio.o
LOAD ./Core/Src/lcd_beep_ui.o
LOAD ./Core/Src/lcd_control.o
LOAD ./Core/Src/lcd_init.o
LOAD ./Core/Src/lcd_run.o
LOAD ./Core/Src/main.o
LOAD ./Core/Src/spi.o
LOAD ./Core/Src/stm32f3xx_hal_msp.o
LOAD ./Core/Src/stm32f3xx_it.o
LOAD ./Core/Src/syscalls.o
LOAD ./Core/Src/sysmem.o
LOAD ./Core/Src/system_stm32f3xx.o
LOAD ./Core/Src/usart.o
LOAD ./Core/Startup/startup_stm32f303retx.o
LOAD ./Drivers/STM32F3xx_HAL_Driver/Src/stm32f3xx_hal.o
LOAD ./Drivers/STM32F3xx_HAL_Driver/Src/stm32f3xx_hal_cortex.o
LOAD ./Drivers/STM32F3xx_HAL_Driver/Src/stm32f3xx_hal_dma.o
LOAD ./Drivers/STM32F3xx_HAL_Driver/Src/stm32f3xx_hal_exti.o
LOAD ./Drivers/STM32F3xx_HAL_Driver/Src/stm32f3xx_hal_flash.o
LOAD ./Drivers/STM32F3xx_HAL_Driver/Src/stm32f3xx_hal_flash_ex.o
LOAD ./Drivers/STM32F3xx_HAL_Driver/Src/stm32f3xx_hal_gpio.o
LOAD ./Drivers/STM32F3xx_HAL_Driver/Src/stm32f3xx_hal_i2c.o
LOAD ./Drivers/STM32F3xx_HAL_Driver/Src/stm32f3xx_hal_i2c_ex.o
LOAD ./Drivers/STM32F3xx_HAL_Driver/Src/stm32f3xx_hal_pwr.o
LOAD ./Drivers/STM32F3xx_HAL_Driver/Src/stm32f3xx_hal_pwr_ex.o
LOAD ./Drivers/STM32F3xx_HAL_Driver/Src/stm32f3xx_hal_rcc.o
LOAD ./Drivers/STM32F3xx_HAL_Driver/Src/stm32f3xx_hal_rcc_ex.o
LOAD ./Drivers/STM32F3xx_HAL_Driver/Src/stm32f3xx_hal_spi.o
LOAD ./Drivers/STM32F3xx_HAL_Driver/Src/stm32f3xx_hal_spi_ex.o
LOAD ./Drivers/STM32F3xx_HAL_Driver/Src/stm32f3xx_hal_uart.o
LOAD ./Drivers/STM32F3xx_HAL_Driver/Src/stm32f3xx_hal_uart_ex.o
START GROUP
LOAD C:/ST/STM32CubeIDE_1.19.0/STM32CubeIDE/plugins/com.st.stm32cube.ide.mcu.externaltools.gnu-tools-for-stm32.13.3.rel1.win32_1.0.0.202411081344/tools/bin/../lib/gcc/arm-none-eabi/13.3.1/../../../../arm-none-eabi/lib/thumb/v7e-m+fp/hard\libc_nano.a
LOAD C:/ST/STM32CubeIDE_1.19.0/STM32CubeIDE/plugins/com.st.stm32cube.ide.mcu.externaltools.gnu-tools-for-stm32.13.3.rel1.win32_1.0.0.202411081344/tools/bin/../lib/gcc/arm-none-eabi/13.3.1/../../../../arm-none-eabi/lib/thumb/v7e-m+fp/hard\libm.a
END GROUP
START GROUP
LOAD C:/ST/STM32CubeIDE_1.19.0/STM32CubeIDE/plugins/com.st.stm32cube.ide.mcu.externaltools.gnu-tools-for-stm32.13.3.rel1.win32_1.0.0.202411081344/tools/bin/../lib/gcc/arm-none-eabi/13.3.1/thumb/v7e-m+fp/hard\libgcc.a
LOAD C:/ST/STM32CubeIDE_1.19.0/STM32CubeIDE/plugins/com.st.stm32cube.ide.mcu.externaltools.gnu-tools-for-stm32.13.3.rel1.win32_1.0.0.202411081344/tools/bin/../lib/gcc/arm-none-eabi/13.3.1/../../../../arm-none-eabi/lib/thumb/v7e-m+fp/hard\libc_nano.a
END GROUP
START GROUP
LOAD C:/ST/STM32CubeIDE_1.19.0/STM32CubeIDE/plugins/com.st.stm32cube.ide.mcu.externaltools.gnu-tools-for-stm32.13.3.rel1.win32_1.0.0.202411081344/tools/bin/../lib/gcc/arm-none-eabi/13.3.1/thumb/v7e-m+fp/hard\libgcc.a
LOAD C:/ST/STM32CubeIDE_1.19.0/STM32CubeIDE/plugins/com.st.stm32cube.ide.mcu.externaltools.gnu-tools-for-stm32.13.3.rel1.win32_1.0.0.202411081344/tools/bin/../lib/gcc/arm-none-eabi/13.3.1/../../../../arm-none-eabi/lib/thumb/v7e-m+fp/hard\libc_nano.a
LOAD C:/ST/STM32CubeIDE_1.19.0/STM32CubeIDE/plugins/com.st.stm32cube.ide.mcu.externaltools.gnu-tools-for-stm32.13.3.rel1.win32_1.0.0.202411081344/tools/bin/../lib/gcc/arm-none-eabi/13.3.1/../../../../arm-none-eabi/lib/thumb/v7e-m+fp/hard\libnosys.a
END GROUP
START GROUP
LOAD C:/ST/STM32CubeIDE_1.19.0/STM32CubeIDE/plugins/com.st.stm32cube.ide.mcu.externaltools.gnu-tools-for-stm32.13.3.rel1.win32_1.0.0.202411081344/tools/bin/../lib/gcc/arm-none-eabi/13.3.1/thumb/v7e-m+fp/hard\libgcc.a
LOAD C:/ST/STM32CubeIDE_1.19.0/STM32CubeIDE/plugins/com.st.stm32cube.ide.mcu.externaltools.gnu-tools-for-stm32.13.3.rel1.win32_1.0.0.202411081344/tools/bin/../lib/gcc/arm-none-eabi/13.3.1/../../../../arm-none-eabi/lib/thumb/v7e-m+fp/hard\libc_nano.a
LOAD C:/ST/STM32CubeIDE_1.19.0/STM32CubeIDE/plugins/com.st.stm32cube.ide.mcu.externaltools.gnu-tools-for-stm32.13.3.rel1.win32_1.0.0.202411081344/tools/bin/../lib/gcc/arm-none-eabi/13.3.1/../../../../arm-none-eabi/lib/thumb/v7e-m+fp/hard\libnosys.a
END GROUP
LOAD C:/ST/STM32CubeIDE_1.19.0/STM32CubeIDE/plugins/com.st.stm32cube.ide.mcu.externaltools.gnu-tools-for-stm32.13.3.rel1.win32_1.0.0.202411081344/tools/bin/../lib/gcc/arm-none-eabi/13.3.1/thumb/v7e-m+fp/hard/crtend.o
LOAD C:/ST/STM32CubeIDE_1.19.0/STM32CubeIDE/plugins/com.st.stm32cube.ide.mcu.externaltools.gnu-tools-for-stm32.13.3.rel1.win32_1.0.0.202411081344/tools/bin/../lib/gcc/arm-none-eabi/13.3.1/thumb/v7e-m+fp/hard/crtn.o
                0x20010000                        _estack = (ORIGIN (RAM) + LENGTH (RAM))
                0x00000200                        _Min_Heap_Size = 0x200
                0x00000400                        _Min_Stack_Size = 0x400

.isr_vector     0x08000000      0x194
                0x08000000                        . = ALIGN (0x4)
 *(.isr_vector)
 .isr_vector    0x08000000      0x194 ./Core/Startup/startup_stm32f303retx.o
                0x08000000                g_pfnVectors
                0x08000194                        . = ALIGN (0x4)

.text           0x08000194     0x4780
                0x08000194                        . = ALIGN (0x4)
 *(.text)
 .text          0x08000194       0x40 C:/ST/STM32CubeIDE_1.19.0/STM32CubeIDE/plugins/com.st.stm32cube.ide.mcu.externaltools.gnu-tools-for-stm32.13.3.rel1.win32_1.0.0.202411081344/tools/bin/../lib/gcc/arm-none-eabi/13.3.1/thumb/v7e-m+fp/hard/crtbegin.o
 .text          0x080001d4       0x10 C:/ST/STM32CubeIDE_1.19.0/STM32CubeIDE/plugins/com.st.stm32cube.ide.mcu.externaltools.gnu-tools-for-stm32.13.3.rel1.win32_1.0.0.202411081344/tools/bin/../lib/gcc/arm-none-eabi/13.3.1/../../../../arm-none-eabi/lib/thumb/v7e-m+fp/hard\libc_nano.a(libc_a-strlen.o)
                0x080001d4                strlen
 *(.text*)
 .text.RC522_SPI_Transfer
                0x080001e4       0x2c ./Core/Src/RC522.o
                0x080001e4                RC522_SPI_Transfer
 .text.Write_MFRC522
                0x08000210       0x50 ./Core/Src/RC522.o
                0x08000210                Write_MFRC522
 .text.Read_MFRC522
                0x08000260       0x58 ./Core/Src/RC522.o
                0x08000260                Read_MFRC522
 .text.SetBitMask
                0x080002b8       0x36 ./Core/Src/RC522.o
                0x080002b8                SetBitMask
 .text.ClearBitMask
                0x080002ee       0x40 ./Core/Src/RC522.o
                0x080002ee                ClearBitMask
 .text.AntennaOn
                0x0800032e       0x16 ./Core/Src/RC522.o
                0x0800032e                AntennaOn
 .text.MFRC522_Reset
                0x08000344       0x10 ./Core/Src/RC522.o
                0x08000344                MFRC522_Reset
 .text.MFRC522_Init
                0x08000354       0x60 ./Core/Src/RC522.o
                0x08000354                MFRC522_Init
 .text.MFRC522_ToCard
                0x080003b4      0x192 ./Core/Src/RC522.o
                0x080003b4                MFRC522_ToCard
 .text.MFRC522_Request
                0x08000546       0x4a ./Core/Src/RC522.o
                0x08000546                MFRC522_Request
 .text.MFRC522_Anticoll
                0x08000590       0x7a ./Core/Src/RC522.o
                0x08000590                MFRC522_Anticoll
 .text.button_update
                0x0800060a       0xb2 ./Core/Src/button_debounce.o
                0x0800060a                button_update
 .text.show_cards
                0x080006bc       0x80 ./Core/Src/cards_and_tags.o
                0x080006bc                show_cards
 .text.MX_GPIO_Init
                0x0800073c       0xfc ./Core/Src/gpio.o
                0x0800073c                MX_GPIO_Init
 .text.draw_circle
                0x08000838       0x74 ./Core/Src/lcd_beep_ui.o
 .text.lcd_draw_beep_mode_ui
                0x080008ac       0x6c ./Core/Src/lcd_beep_ui.o
                0x080008ac                lcd_draw_beep_mode_ui
 .text.lcd_toggle_beep_mode
                0x08000918       0x24 ./Core/Src/lcd_beep_ui.o
                0x08000918                lcd_toggle_beep_mode
 .text.beep     0x0800093c       0xcc ./Core/Src/lcd_beep_ui.o
                0x0800093c                beep
 .text.lcd_cmd  0x08000a08       0x4c ./Core/Src/lcd_control.o
                0x08000a08                lcd_cmd
 .text.lcd_data
                0x08000a54       0x4c ./Core/Src/lcd_control.o
                0x08000a54                lcd_data
 .text.lcd_send
                0x08000aa0       0x32 ./Core/Src/lcd_control.o
                0x08000aa0                lcd_send
 .text.lcd_data16
                0x08000ad2       0x2a ./Core/Src/lcd_control.o
                0x08000ad2                lcd_data16
 .text.lcd_set_window
                0x08000afc       0x66 ./Core/Src/lcd_control.o
                0x08000afc                lcd_set_window
 .text.lcd_fill_box
                0x08000b62       0x4c ./Core/Src/lcd_control.o
                0x08000b62                lcd_fill_box
 *fill*         0x08000bae        0x2 
 .text.lcd_draw_char
                0x08000bb0       0xb4 ./Core/Src/lcd_control.o
                0x08000bb0                lcd_draw_char
 .text.lcd_print
                0x08000c64       0x42 ./Core/Src/lcd_control.o
                0x08000c64                lcd_print
 .text.lcd_print_line
                0x08000ca6       0x4c ./Core/Src/lcd_control.o
                0x08000ca6                lcd_print_line
 .text.lcd_clear_line
                0x08000cf2       0x44 ./Core/Src/lcd_control.o
                0x08000cf2                lcd_clear_line
 *fill*         0x08000d36        0x2 
 .text.find_card
                0x08000d38       0x64 ./Core/Src/lcd_control.o
                0x08000d38                find_card
 .text.lcd_init
                0x08000d9c       0x70 ./Core/Src/lcd_init.o
                0x08000d9c                lcd_init
 .text.Read_data_from_rfid
                0x08000e0c      0x124 ./Core/Src/lcd_run.o
                0x08000e0c                Read_data_from_rfid
 .text.main     0x08000f30       0xd0 ./Core/Src/main.o
                0x08000f30                main
 .text.SystemClock_Config
                0x08001000       0xbc ./Core/Src/main.o
                0x08001000                SystemClock_Config
 .text.Error_Handler
                0x080010bc        0xc ./Core/Src/main.o
                0x080010bc                Error_Handler
 .text.MX_SPI1_Init
                0x080010c8       0x7c ./Core/Src/spi.o
                0x080010c8                MX_SPI1_Init
 .text.MX_SPI2_Init
                0x08001144       0x7c ./Core/Src/spi.o
                0x08001144                MX_SPI2_Init
 .text.HAL_SPI_MspInit
                0x080011c0       0xec ./Core/Src/spi.o
                0x080011c0                HAL_SPI_MspInit
 .text.HAL_MspInit
                0x080012ac       0x48 ./Core/Src/stm32f3xx_hal_msp.o
                0x080012ac                HAL_MspInit
 .text.NMI_Handler
                0x080012f4        0x8 ./Core/Src/stm32f3xx_it.o
                0x080012f4                NMI_Handler
 .text.HardFault_Handler
                0x080012fc        0x8 ./Core/Src/stm32f3xx_it.o
                0x080012fc                HardFault_Handler
 .text.MemManage_Handler
                0x08001304        0x8 ./Core/Src/stm32f3xx_it.o
                0x08001304                MemManage_Handler
 .text.BusFault_Handler
                0x0800130c        0x8 ./Core/Src/stm32f3xx_it.o
                0x0800130c                BusFault_Handler
 .text.UsageFault_Handler
                0x08001314        0x8 ./Core/Src/stm32f3xx_it.o
                0x08001314                UsageFault_Handler
 .text.SVC_Handler
                0x0800131c        0xe ./Core/Src/stm32f3xx_it.o
                0x0800131c                SVC_Handler
 .text.DebugMon_Handler
                0x0800132a        0xe ./Core/Src/stm32f3xx_it.o
                0x0800132a                DebugMon_Handler
 .text.PendSV_Handler
                0x08001338        0xe ./Core/Src/stm32f3xx_it.o
                0x08001338                PendSV_Handler
 .text.SysTick_Handler
                0x08001346        0xc ./Core/Src/stm32f3xx_it.o
                0x08001346                SysTick_Handler
 *fill*         0x08001352        0x2 
 .text.SystemInit
                0x08001354       0x24 ./Core/Src/system_stm32f3xx.o
                0x08001354                SystemInit
 .text.MX_USART2_UART_Init
                0x08001378       0x60 ./Core/Src/usart.o
                0x08001378                MX_USART2_UART_Init
 .text.HAL_UART_MspInit
                0x080013d8       0x84 ./Core/Src/usart.o
                0x080013d8                HAL_UART_MspInit
 .text.Reset_Handler
                0x0800145c       0x50 ./Core/Startup/startup_stm32f303retx.o
                0x0800145c                Reset_Handler
 .text.Default_Handler
                0x080014ac        0x2 ./Core/Startup/startup_stm32f303retx.o
                0x080014ac                RTC_Alarm_IRQHandler
                0x080014ac                TIM8_TRG_COM_IRQHandler
                0x080014ac                TIM8_CC_IRQHandler
                0x080014ac                SPI4_IRQHandler
                0x080014ac                TIM1_CC_IRQHandler
                0x080014ac                USB_HP_IRQHandler
                0x080014ac                PVD_IRQHandler
                0x080014ac                TAMP_STAMP_IRQHandler
                0x080014ac                EXTI3_IRQHandler
                0x080014ac                I2C3_ER_IRQHandler
                0x080014ac                USB_HP_CAN_TX_IRQHandler
                0x080014ac                EXTI0_IRQHandler
                0x080014ac                I2C2_EV_IRQHandler
                0x080014ac                FPU_IRQHandler
                0x080014ac                TIM1_UP_TIM16_IRQHandler
                0x080014ac                ADC1_2_IRQHandler
                0x080014ac                SPI1_IRQHandler
                0x080014ac                CAN_SCE_IRQHandler
                0x080014ac                TIM6_DAC_IRQHandler
                0x080014ac                TIM8_UP_IRQHandler
                0x080014ac                DMA2_Channel2_IRQHandler
                0x080014ac                DMA1_Channel4_IRQHandler
                0x080014ac                TIM20_TRG_COM_IRQHandler
                0x080014ac                USART3_IRQHandler
                0x080014ac                DMA1_Channel7_IRQHandler
                0x080014ac                UART5_IRQHandler
                0x080014ac                ADC3_IRQHandler
                0x080014ac                TIM4_IRQHandler
                0x080014ac                CAN_RX1_IRQHandler
                0x080014ac                DMA2_Channel1_IRQHandler
                0x080014ac                I2C1_EV_IRQHandler
                0x080014ac                DMA1_Channel6_IRQHandler
                0x080014ac                UART4_IRQHandler
                0x080014ac                DMA2_Channel4_IRQHandler
                0x080014ac                TIM3_IRQHandler
                0x080014ac                RCC_IRQHandler
                0x080014ac                TIM20_UP_IRQHandler
                0x080014ac                DMA1_Channel1_IRQHandler
                0x080014ac                Default_Handler
                0x080014ac                USBWakeUp_RMP_IRQHandler
                0x080014ac                EXTI15_10_IRQHandler
                0x080014ac                TIM7_IRQHandler
                0x080014ac                I2C3_EV_IRQHandler
                0x080014ac                EXTI9_5_IRQHandler
                0x080014ac                RTC_WKUP_IRQHandler
                0x080014ac                SPI2_IRQHandler
                0x080014ac                USB_LP_CAN_RX0_IRQHandler
                0x080014ac                DMA2_Channel5_IRQHandler
                0x080014ac                DMA1_Channel5_IRQHandler
                0x080014ac                USB_LP_IRQHandler
                0x080014ac                EXTI4_IRQHandler
                0x080014ac                TIM1_TRG_COM_TIM17_IRQHandler
                0x080014ac                DMA1_Channel3_IRQHandler
                0x080014ac                ADC4_IRQHandler
                0x080014ac                WWDG_IRQHandler
                0x080014ac                TIM2_IRQHandler
                0x080014ac                COMP7_IRQHandler
                0x080014ac                COMP1_2_3_IRQHandler
                0x080014ac                EXTI1_IRQHandler
                0x080014ac                USART2_IRQHandler
                0x080014ac                COMP4_5_6_IRQHandler
                0x080014ac                TIM20_BRK_IRQHandler
                0x080014ac                I2C2_ER_IRQHandler
                0x080014ac                DMA1_Channel2_IRQHandler
                0x080014ac                TIM8_BRK_IRQHandler
                0x080014ac                FLASH_IRQHandler
                0x080014ac                TIM20_CC_IRQHandler
                0x080014ac                USART1_IRQHandler
                0x080014ac                SPI3_IRQHandler
                0x080014ac                I2C1_ER_IRQHandler
                0x080014ac                FMC_IRQHandler
                0x080014ac                USBWakeUp_IRQHandler
                0x080014ac                DMA2_Channel3_IRQHandler
                0x080014ac                EXTI2_TSC_IRQHandler
                0x080014ac                TIM1_BRK_TIM15_IRQHandler
 *fill*         0x080014ae        0x2 
 .text.HAL_Init
                0x080014b0       0x2c ./Drivers/STM32F3xx_HAL_Driver/Src/stm32f3xx_hal.o
                0x080014b0                HAL_Init
 .text.HAL_InitTick
                0x080014dc       0x60 ./Drivers/STM32F3xx_HAL_Driver/Src/stm32f3xx_hal.o
                0x080014dc                HAL_InitTick
 .text.HAL_IncTick
                0x0800153c       0x28 ./Drivers/STM32F3xx_HAL_Driver/Src/stm32f3xx_hal.o
                0x0800153c                HAL_IncTick
 .text.HAL_GetTick
                0x08001564       0x18 ./Drivers/STM32F3xx_HAL_Driver/Src/stm32f3xx_hal.o
                0x08001564                HAL_GetTick
 .text.HAL_Delay
                0x0800157c       0x48 ./Drivers/STM32F3xx_HAL_Driver/Src/stm32f3xx_hal.o
                0x0800157c                HAL_Delay
 .text.__NVIC_SetPriorityGrouping
                0x080015c4       0x48 ./Drivers/STM32F3xx_HAL_Driver/Src/stm32f3xx_hal_cortex.o
 .text.__NVIC_GetPriorityGrouping
                0x0800160c       0x1c ./Drivers/STM32F3xx_HAL_Driver/Src/stm32f3xx_hal_cortex.o
 .text.__NVIC_SetPriority
                0x08001628       0x54 ./Drivers/STM32F3xx_HAL_Driver/Src/stm32f3xx_hal_cortex.o
 .text.NVIC_EncodePriority
                0x0800167c       0x66 ./Drivers/STM32F3xx_HAL_Driver/Src/stm32f3xx_hal_cortex.o
 *fill*         0x080016e2        0x2 
 .text.SysTick_Config
                0x080016e4       0x44 ./Drivers/STM32F3xx_HAL_Driver/Src/stm32f3xx_hal_cortex.o
 .text.HAL_NVIC_SetPriorityGrouping
                0x08001728       0x16 ./Drivers/STM32F3xx_HAL_Driver/Src/stm32f3xx_hal_cortex.o
                0x08001728                HAL_NVIC_SetPriorityGrouping
 .text.HAL_NVIC_SetPriority
                0x0800173e       0x38 ./Drivers/STM32F3xx_HAL_Driver/Src/stm32f3xx_hal_cortex.o
                0x0800173e                HAL_NVIC_SetPriority
 .text.HAL_SYSTICK_Config
                0x08001776       0x18 ./Drivers/STM32F3xx_HAL_Driver/Src/stm32f3xx_hal_cortex.o
                0x08001776                HAL_SYSTICK_Config
 *fill*         0x0800178e        0x2 
 .text.HAL_GPIO_Init
                0x08001790      0x314 ./Drivers/STM32F3xx_HAL_Driver/Src/stm32f3xx_hal_gpio.o
                0x08001790                HAL_GPIO_Init
 .text.HAL_GPIO_ReadPin
                0x08001aa4       0x30 ./Drivers/STM32F3xx_HAL_Driver/Src/stm32f3xx_hal_gpio.o
                0x08001aa4                HAL_GPIO_ReadPin
 .text.HAL_GPIO_WritePin
                0x08001ad4       0x30 ./Drivers/STM32F3xx_HAL_Driver/Src/stm32f3xx_hal_gpio.o
                0x08001ad4                HAL_GPIO_WritePin
 .text.HAL_RCC_OscConfig
                0x08001b04     0x1048 ./Drivers/STM32F3xx_HAL_Driver/Src/stm32f3xx_hal_rcc.o
                0x08001b04                HAL_RCC_OscConfig
 .text.HAL_RCC_ClockConfig
                0x08002b4c      0x2dc ./Drivers/STM32F3xx_HAL_Driver/Src/stm32f3xx_hal_rcc.o
                0x08002b4c                HAL_RCC_ClockConfig
 .text.HAL_RCC_GetSysClockFreq
                0x08002e28       0xa8 ./Drivers/STM32F3xx_HAL_Driver/Src/stm32f3xx_hal_rcc.o
                0x08002e28                HAL_RCC_GetSysClockFreq
 .text.HAL_RCC_GetHCLKFreq
                0x08002ed0       0x18 ./Drivers/STM32F3xx_HAL_Driver/Src/stm32f3xx_hal_rcc.o
                0x08002ed0                HAL_RCC_GetHCLKFreq
 .text.HAL_RCC_GetPCLK1Freq
                0x08002ee8       0x44 ./Drivers/STM32F3xx_HAL_Driver/Src/stm32f3xx_hal_rcc.o
                0x08002ee8                HAL_RCC_GetPCLK1Freq
 .text.HAL_RCC_GetPCLK2Freq
                0x08002f2c       0x44 ./Drivers/STM32F3xx_HAL_Driver/Src/stm32f3xx_hal_rcc.o
                0x08002f2c                HAL_RCC_GetPCLK2Freq
 .text.HAL_RCCEx_PeriphCLKConfig
                0x08002f70      0x438 ./Drivers/STM32F3xx_HAL_Driver/Src/stm32f3xx_hal_rcc_ex.o
                0x08002f70                HAL_RCCEx_PeriphCLKConfig
 .text.HAL_SPI_Init
                0x080033a8      0x156 ./Drivers/STM32F3xx_HAL_Driver/Src/stm32f3xx_hal_spi.o
                0x080033a8                HAL_SPI_Init
 .text.HAL_SPI_Transmit
                0x080034fe      0x2ea ./Drivers/STM32F3xx_HAL_Driver/Src/stm32f3xx_hal_spi.o
                0x080034fe                HAL_SPI_Transmit
 .text.HAL_SPI_TransmitReceive
                0x080037e8      0x444 ./Drivers/STM32F3xx_HAL_Driver/Src/stm32f3xx_hal_spi.o
                0x080037e8                HAL_SPI_TransmitReceive
 .text.SPI_WaitFlagStateUntilTimeout
                0x08003c2c      0x110 ./Drivers/STM32F3xx_HAL_Driver/Src/stm32f3xx_hal_spi.o
 .text.SPI_WaitFifoStateUntilTimeout
                0x08003d3c      0x12c ./Drivers/STM32F3xx_HAL_Driver/Src/stm32f3xx_hal_spi.o
 .text.SPI_EndRxTxTransaction
                0x08003e68       0x8c ./Drivers/STM32F3xx_HAL_Driver/Src/stm32f3xx_hal_spi.o
 .text.HAL_UART_Init
                0x08003ef4       0x9c ./Drivers/STM32F3xx_HAL_Driver/Src/stm32f3xx_hal_uart.o
                0x08003ef4                HAL_UART_Init
 .text.HAL_UART_Transmit
                0x08003f90      0x112 ./Drivers/STM32F3xx_HAL_Driver/Src/stm32f3xx_hal_uart.o
                0x08003f90                HAL_UART_Transmit
 *fill*         0x080040a2        0x2 
 .text.UART_SetConfig
                0x080040a4      0x3a8 ./Drivers/STM32F3xx_HAL_Driver/Src/stm32f3xx_hal_uart.o
                0x080040a4                UART_SetConfig
 .text.UART_AdvFeatureConfig
                0x0800444c      0x144 ./Drivers/STM32F3xx_HAL_Driver/Src/stm32f3xx_hal_uart.o
                0x0800444c                UART_AdvFeatureConfig
 .text.UART_CheckIdleState
                0x08004590      0x150 ./Drivers/STM32F3xx_HAL_Driver/Src/stm32f3xx_hal_uart.o
                0x08004590                UART_CheckIdleState
 .text.UART_WaitOnFlagUntilTimeout
                0x080046e0       0xda ./Drivers/STM32F3xx_HAL_Driver/Src/stm32f3xx_hal_uart.o
                0x080046e0                UART_WaitOnFlagUntilTimeout
 .text.UART_EndRxTransfer
                0x080047ba       0xc8 ./Drivers/STM32F3xx_HAL_Driver/Src/stm32f3xx_hal_uart.o
 .text.memcmp   0x08004882       0x20 C:/ST/STM32CubeIDE_1.19.0/STM32CubeIDE/plugins/com.st.stm32cube.ide.mcu.externaltools.gnu-tools-for-stm32.13.3.rel1.win32_1.0.0.202411081344/tools/bin/../lib/gcc/arm-none-eabi/13.3.1/../../../../arm-none-eabi/lib/thumb/v7e-m+fp/hard\libc_nano.a(libc_a-memcmp.o)
                0x08004882                memcmp
 .text.memset   0x080048a2       0x10 C:/ST/STM32CubeIDE_1.19.0/STM32CubeIDE/plugins/com.st.stm32cube.ide.mcu.externaltools.gnu-tools-for-stm32.13.3.rel1.win32_1.0.0.202411081344/tools/bin/../lib/gcc/arm-none-eabi/13.3.1/../../../../arm-none-eabi/lib/thumb/v7e-m+fp/hard\libc_nano.a(libc_a-memset.o)
                0x080048a2                memset
 *fill*         0x080048b2        0x2 
 .text.__libc_init_array
                0x080048b4       0x48 C:/ST/STM32CubeIDE_1.19.0/STM32CubeIDE/plugins/com.st.stm32cube.ide.mcu.externaltools.gnu-tools-for-stm32.13.3.rel1.win32_1.0.0.202411081344/tools/bin/../lib/gcc/arm-none-eabi/13.3.1/../../../../arm-none-eabi/lib/thumb/v7e-m+fp/hard\libc_nano.a(libc_a-init.o)
                0x080048b4                __libc_init_array
 *(.glue_7)
 .glue_7        0x080048fc        0x0 linker stubs
 *(.glue_7t)
 .glue_7t       0x080048fc        0x0 linker stubs
 *(.eh_frame)
 .eh_frame      0x080048fc        0x0 C:/ST/STM32CubeIDE_1.19.0/STM32CubeIDE/plugins/com.st.stm32cube.ide.mcu.externaltools.gnu-tools-for-stm32.13.3.rel1.win32_1.0.0.202411081344/tools/bin/../lib/gcc/arm-none-eabi/13.3.1/thumb/v7e-m+fp/hard/crtbegin.o
 *(.init)
 .init          0x080048fc        0x4 C:/ST/STM32CubeIDE_1.19.0/STM32CubeIDE/plugins/com.st.stm32cube.ide.mcu.externaltools.gnu-tools-for-stm32.13.3.rel1.win32_1.0.0.202411081344/tools/bin/../lib/gcc/arm-none-eabi/13.3.1/thumb/v7e-m+fp/hard/crti.o
                0x080048fc                _init
 .init          0x08004900        0x8 C:/ST/STM32CubeIDE_1.19.0/STM32CubeIDE/plugins/com.st.stm32cube.ide.mcu.externaltools.gnu-tools-for-stm32.13.3.rel1.win32_1.0.0.202411081344/tools/bin/../lib/gcc/arm-none-eabi/13.3.1/thumb/v7e-m+fp/hard/crtn.o
 *(.fini)
 .fini          0x08004908        0x4 C:/ST/STM32CubeIDE_1.19.0/STM32CubeIDE/plugins/com.st.stm32cube.ide.mcu.externaltools.gnu-tools-for-stm32.13.3.rel1.win32_1.0.0.202411081344/tools/bin/../lib/gcc/arm-none-eabi/13.3.1/thumb/v7e-m+fp/hard/crti.o
                0x08004908                _fini
 .fini          0x0800490c        0x8 C:/ST/STM32CubeIDE_1.19.0/STM32CubeIDE/plugins/com.st.stm32cube.ide.mcu.externaltools.gnu-tools-for-stm32.13.3.rel1.win32_1.0.0.202411081344/tools/bin/../lib/gcc/arm-none-eabi/13.3.1/thumb/v7e-m+fp/hard/crtn.o
                0x08004914                        . = ALIGN (0x4)
                0x08004914                        _etext = .

.vfp11_veneer   0x08004914        0x0
 .vfp11_veneer  0x08004914        0x0 linker stubs

.v4_bx          0x08004914        0x0
 .v4_bx         0x08004914        0x0 linker stubs

.iplt           0x08004914        0x0
 .iplt          0x08004914        0x0 C:/ST/STM32CubeIDE_1.19.0/STM32CubeIDE/plugins/com.st.stm32cube.ide.mcu.externaltools.gnu-tools-for-stm32.13.3.rel1.win32_1.0.0.202411081344/tools/bin/../lib/gcc/arm-none-eabi/13.3.1/thumb/v7e-m+fp/hard/crtbegin.o

.rodata         0x08004914      0x5e0
                0x08004914                        . = ALIGN (0x4)
 *(.rodata)
 .rodata        0x08004914       0x13 ./Core/Src/cards_and_tags.o
 *fill*         0x08004927        0x1 
 .rodata        0x08004928       0x35 ./Core/Src/lcd_run.o
 *fill*         0x0800495d        0x3 
 .rodata        0x08004960       0x40 ./Core/Src/main.o
 *(.rodata*)
 .rodata.cards_count
                0x080049a0        0x1 ./Core/Src/cards_and_tags.o
                0x080049a0                cards_count
 *fill*         0x080049a1        0x3 
 .rodata.font12x16
                0x080049a4      0x480 ./Core/Src/lcd_control.o
 .rodata.init_table
                0x08004e24       0x98 ./Core/Src/lcd_init.o
 .rodata.AHBPrescTable
                0x08004ebc       0x10 ./Core/Src/system_stm32f3xx.o
                0x08004ebc                AHBPrescTable
 .rodata.APBPrescTable
                0x08004ecc        0x8 ./Core/Src/system_stm32f3xx.o
                0x08004ecc                APBPrescTable
 .rodata.aPLLMULFactorTable
                0x08004ed4       0x10 ./Drivers/STM32F3xx_HAL_Driver/Src/stm32f3xx_hal_rcc.o
 .rodata.aPredivFactorTable
                0x08004ee4       0x10 ./Drivers/STM32F3xx_HAL_Driver/Src/stm32f3xx_hal_rcc.o
                0x08004ef4                        . = ALIGN (0x4)

.ARM.extab      0x08004ef4        0x0
                0x08004ef4                        . = ALIGN (0x4)
 *(.ARM.extab* .gnu.linkonce.armextab.*)
                0x08004ef4                        . = ALIGN (0x4)

.ARM            0x08004ef4        0x8
                0x08004ef4                        . = ALIGN (0x4)
                0x08004ef4                        __exidx_start = .
 *(.ARM.exidx*)
 .ARM.exidx     0x08004ef4        0x8 C:/ST/STM32CubeIDE_1.19.0/STM32CubeIDE/plugins/com.st.stm32cube.ide.mcu.externaltools.gnu-tools-for-stm32.13.3.rel1.win32_1.0.0.202411081344/tools/bin/../lib/gcc/arm-none-eabi/13.3.1/../../../../arm-none-eabi/lib/thumb/v7e-m+fp/hard\libc_nano.a(libc_a-strlen.o)
                0x08004efc                        __exidx_end = .
                0x08004efc                        . = ALIGN (0x4)

.preinit_array  0x08004efc        0x0
                0x08004efc                        . = ALIGN (0x4)
                0x08004efc                        PROVIDE (__preinit_array_start = .)
 *(.preinit_array*)
                0x08004efc                        PROVIDE (__preinit_array_end = .)
                0x08004efc                        . = ALIGN (0x4)

.init_array     0x08004efc        0x4
                0x08004efc                        . = ALIGN (0x4)
                0x08004efc                        PROVIDE (__init_array_start = .)
 *(SORT_BY_NAME(.init_array.*))
 *(.init_array*)
 .init_array    0x08004efc        0x4 C:/ST/STM32CubeIDE_1.19.0/STM32CubeIDE/plugins/com.st.stm32cube.ide.mcu.externaltools.gnu-tools-for-stm32.13.3.rel1.win32_1.0.0.202411081344/tools/bin/../lib/gcc/arm-none-eabi/13.3.1/thumb/v7e-m+fp/hard/crtbegin.o
                0x08004f00                        PROVIDE (__init_array_end = .)
                0x08004f00                        . = ALIGN (0x4)

.fini_array     0x08004f00        0x4
                0x08004f00                        . = ALIGN (0x4)
                [!provide]                        PROVIDE (__fini_array_start = .)
 *(SORT_BY_NAME(.fini_array.*))
 *(.fini_array*)
 .fini_array    0x08004f00        0x4 C:/ST/STM32CubeIDE_1.19.0/STM32CubeIDE/plugins/com.st.stm32cube.ide.mcu.externaltools.gnu-tools-for-stm32.13.3.rel1.win32_1.0.0.202411081344/tools/bin/../lib/gcc/arm-none-eabi/13.3.1/thumb/v7e-m+fp/hard/crtbegin.o
                [!provide]                        PROVIDE (__fini_array_end = .)
                0x08004f04                        . = ALIGN (0x4)
                0x08004f04                        _sidata = LOADADDR (.data)

.rel.dyn        0x08004f04        0x0
 .rel.iplt      0x08004f04        0x0 C:/ST/STM32CubeIDE_1.19.0/STM32CubeIDE/plugins/com.st.stm32cube.ide.mcu.externaltools.gnu-tools-for-stm32.13.3.rel1.win32_1.0.0.202411081344/tools/bin/../lib/gcc/arm-none-eabi/13.3.1/thumb/v7e-m+fp/hard/crtbegin.o

.data           0x20000000       0x3c load address 0x08004f04
                0x20000000                        . = ALIGN (0x4)
                0x20000000                        _sdata = .
 *(.data)
 *(.data*)
 .data.cards    0x20000000       0x2a ./Core/Src/cards_and_tags.o
                0x20000000                cards
 .data.mode_single_beep
                0x2000002a        0x1 ./Core/Src/lcd_beep_ui.o
 *fill*         0x2000002b        0x1 
 .data.msg1     0x2000002c        0x4 ./Core/Src/lcd_run.o
                0x2000002c                msg1
 .data.SystemCoreClock
                0x20000030        0x4 ./Core/Src/system_stm32f3xx.o
                0x20000030                SystemCoreClock
 .data.uwTickPrio
                0x20000034        0x4 ./Drivers/STM32F3xx_HAL_Driver/Src/stm32f3xx_hal.o
                0x20000034                uwTickPrio
 .data.uwTickFreq
                0x20000038        0x1 ./Drivers/STM32F3xx_HAL_Driver/Src/stm32f3xx_hal.o
                0x20000038                uwTickFreq
 *(.RamFunc)
 *(.RamFunc*)
                0x2000003c                        . = ALIGN (0x4)
 *fill*         0x20000039        0x3 
                0x2000003c                        _edata = .
                0x08004f40                        _siccmram = LOADADDR (.ccmram)

.igot.plt       0x2000003c        0x0 load address 0x08004f40
 .igot.plt      0x2000003c        0x0 C:/ST/STM32CubeIDE_1.19.0/STM32CubeIDE/plugins/com.st.stm32cube.ide.mcu.externaltools.gnu-tools-for-stm32.13.3.rel1.win32_1.0.0.202411081344/tools/bin/../lib/gcc/arm-none-eabi/13.3.1/thumb/v7e-m+fp/hard/crtbegin.o

.ccmram         0x10000000        0x0 load address 0x08004f40
                0x10000000                        . = ALIGN (0x4)
                0x10000000                        _sccmram = .
 *(.ccmram)
 *(.ccmram*)
                0x10000000                        . = ALIGN (0x4)
                0x10000000                        _eccmram = .
                0x10000000                        . = ALIGN (0x4)

.bss            0x2000003c      0x198
                0x2000003c                        _sbss = .
                0x2000003c                        __bss_start__ = _sbss
 *(.bss)
 .bss           0x2000003c       0x1c C:/ST/STM32CubeIDE_1.19.0/STM32CubeIDE/plugins/com.st.stm32cube.ide.mcu.externaltools.gnu-tools-for-stm32.13.3.rel1.win32_1.0.0.202411081344/tools/bin/../lib/gcc/arm-none-eabi/13.3.1/thumb/v7e-m+fp/hard/crtbegin.o
 *(.bss*)
 .bss.last_read_time
                0x20000058        0x4 ./Core/Src/lcd_run.o
                0x20000058                last_read_time
 .bss.last_UID  0x2000005c        0x5 ./Core/Src/lcd_run.o
                0x2000005c                last_UID
 *fill*         0x20000061        0x3 
 .bss.str       0x20000064       0x10 ./Core/Src/lcd_run.o
                0x20000064                str
 .bss.status    0x20000074        0x1 ./Core/Src/lcd_run.o
                0x20000074                status
 *fill*         0x20000075        0x3 
 .bss.sNum      0x20000078        0x5 ./Core/Src/lcd_run.o
                0x20000078                sNum
 *fill*         0x2000007d        0x3 
 .bss.hspi1     0x20000080       0x64 ./Core/Src/spi.o
                0x20000080                hspi1
 .bss.hspi2     0x200000e4       0x64 ./Core/Src/spi.o
                0x200000e4                hspi2
 .bss.huart2    0x20000148       0x88 ./Core/Src/usart.o
                0x20000148                huart2
 .bss.uwTick    0x200001d0        0x4 ./Drivers/STM32F3xx_HAL_Driver/Src/stm32f3xx_hal.o
                0x200001d0                uwTick
 *(COMMON)
                0x200001d4                        . = ALIGN (0x4)
                0x200001d4                        _ebss = .
                0x200001d4                        __bss_end__ = _ebss

._user_heap_stack
                0x200001d4      0x604
                0x200001d8                        . = ALIGN (0x8)
 *fill*         0x200001d4        0x4 
                [!provide]                        PROVIDE (end = .)
                0x200001d8                        PROVIDE (_end = .)
                0x200003d8                        . = (. + _Min_Heap_Size)
 *fill*         0x200001d8      0x200 
                0x200007d8                        . = (. + _Min_Stack_Size)
 *fill*         0x200003d8      0x400 
                0x200007d8                        . = ALIGN (0x8)

/DISCARD/
 libc.a(*)
 libm.a(*)
 libgcc.a(*)

.ARM.attributes
                0x00000000       0x30
 *(.ARM.attributes)
 .ARM.attributes
                0x00000000       0x22 C:/ST/STM32CubeIDE_1.19.0/STM32CubeIDE/plugins/com.st.stm32cube.ide.mcu.externaltools.gnu-tools-for-stm32.13.3.rel1.win32_1.0.0.202411081344/tools/bin/../lib/gcc/arm-none-eabi/13.3.1/thumb/v7e-m+fp/hard/crti.o
 .ARM.attributes
                0x00000022       0x34 C:/ST/STM32CubeIDE_1.19.0/STM32CubeIDE/plugins/com.st.stm32cube.ide.mcu.externaltools.gnu-tools-for-stm32.13.3.rel1.win32_1.0.0.202411081344/tools/bin/../lib/gcc/arm-none-eabi/13.3.1/thumb/v7e-m+fp/hard/crtbegin.o
 .ARM.attributes
                0x00000056       0x34 ./Core/Src/RC522.o
 .ARM.attributes
                0x0000008a       0x34 ./Core/Src/button_debounce.o
 .ARM.attributes
                0x000000be       0x34 ./Core/Src/cards_and_tags.o
 .ARM.attributes
                0x000000f2       0x34 ./Core/Src/gpio.o
 .ARM.attributes
                0x00000126       0x34 ./Core/Src/lcd_beep_ui.o
 .ARM.attributes
                0x0000015a       0x34 ./Core/Src/lcd_control.o
 .ARM.attributes
                0x0000018e       0x34 ./Core/Src/lcd_init.o
 .ARM.attributes
                0x000001c2       0x34 ./Core/Src/lcd_run.o
 .ARM.attributes
                0x000001f6       0x34 ./Core/Src/main.o
 .ARM.attributes
                0x0000022a       0x34 ./Core/Src/spi.o
 .ARM.attributes
                0x0000025e       0x34 ./Core/Src/stm32f3xx_hal_msp.o
 .ARM.attributes
                0x00000292       0x34 ./Core/Src/stm32f3xx_it.o
 .ARM.attributes
                0x000002c6       0x34 ./Core/Src/system_stm32f3xx.o
 .ARM.attributes
                0x000002fa       0x34 ./Core/Src/usart.o
 .ARM.attributes
                0x0000032e       0x21 ./Core/Startup/startup_stm32f303retx.o
 .ARM.attributes
                0x0000034f       0x34 ./Drivers/STM32F3xx_HAL_Driver/Src/stm32f3xx_hal.o
 .ARM.attributes
                0x00000383       0x34 ./Drivers/STM32F3xx_HAL_Driver/Src/stm32f3xx_hal_cortex.o
 .ARM.attributes
                0x000003b7       0x34 ./Drivers/STM32F3xx_HAL_Driver/Src/stm32f3xx_hal_gpio.o
 .ARM.attributes
                0x000003eb       0x34 ./Drivers/STM32F3xx_HAL_Driver/Src/stm32f3xx_hal_rcc.o
 .ARM.attributes
                0x0000041f       0x34 ./Drivers/STM32F3xx_HAL_Driver/Src/stm32f3xx_hal_rcc_ex.o
 .ARM.attributes
                0x00000453       0x34 ./Drivers/STM32F3xx_HAL_Driver/Src/stm32f3xx_hal_spi.o
 .ARM.attributes
                0x00000487       0x34 ./Drivers/STM32F3xx_HAL_Driver/Src/stm32f3xx_hal_uart.o
 .ARM.attributes
                0x000004bb       0x34 C:/ST/STM32CubeIDE_1.19.0/STM32CubeIDE/plugins/com.st.stm32cube.ide.mcu.externaltools.gnu-tools-for-stm32.13.3.rel1.win32_1.0.0.202411081344/tools/bin/../lib/gcc/arm-none-eabi/13.3.1/../../../../arm-none-eabi/lib/thumb/v7e-m+fp/hard\libc_nano.a(libc_a-memcmp.o)
 .ARM.attributes
                0x000004ef       0x34 C:/ST/STM32CubeIDE_1.19.0/STM32CubeIDE/plugins/com.st.stm32cube.ide.mcu.externaltools.gnu-tools-for-stm32.13.3.rel1.win32_1.0.0.202411081344/tools/bin/../lib/gcc/arm-none-eabi/13.3.1/../../../../arm-none-eabi/lib/thumb/v7e-m+fp/hard\libc_nano.a(libc_a-memset.o)
 .ARM.attributes
                0x00000523       0x34 C:/ST/STM32CubeIDE_1.19.0/STM32CubeIDE/plugins/com.st.stm32cube.ide.mcu.externaltools.gnu-tools-for-stm32.13.3.rel1.win32_1.0.0.202411081344/tools/bin/../lib/gcc/arm-none-eabi/13.3.1/../../../../arm-none-eabi/lib/thumb/v7e-m+fp/hard\libc_nano.a(libc_a-init.o)
 .ARM.attributes
                0x00000557       0x17 C:/ST/STM32CubeIDE_1.19.0/STM32CubeIDE/plugins/com.st.stm32cube.ide.mcu.externaltools.gnu-tools-for-stm32.13.3.rel1.win32_1.0.0.202411081344/tools/bin/../lib/gcc/arm-none-eabi/13.3.1/../../../../arm-none-eabi/lib/thumb/v7e-m+fp/hard\libc_nano.a(libc_a-strlen.o)
 .ARM.attributes
                0x0000056e       0x22 C:/ST/STM32CubeIDE_1.19.0/STM32CubeIDE/plugins/com.st.stm32cube.ide.mcu.externaltools.gnu-tools-for-stm32.13.3.rel1.win32_1.0.0.202411081344/tools/bin/../lib/gcc/arm-none-eabi/13.3.1/thumb/v7e-m+fp/hard/crtn.o
OUTPUT(rfid_tft.elf elf32-littlearm)
LOAD linker stubs
LOAD C:/ST/STM32CubeIDE_1.19.0/STM32CubeIDE/plugins/com.st.stm32cube.ide.mcu.externaltools.gnu-tools-for-stm32.13.3.rel1.win32_1.0.0.202411081344/tools/bin/../lib/gcc/arm-none-eabi/13.3.1/../../../../arm-none-eabi/lib/thumb/v7e-m+fp/hard\libc.a
LOAD C:/ST/STM32CubeIDE_1.19.0/STM32CubeIDE/plugins/com.st.stm32cube.ide.mcu.externaltools.gnu-tools-for-stm32.13.3.rel1.win32_1.0.0.202411081344/tools/bin/../lib/gcc/arm-none-eabi/13.3.1/../../../../arm-none-eabi/lib/thumb/v7e-m+fp/hard\libm.a
LOAD C:/ST/STM32CubeIDE_1.19.0/STM32CubeIDE/plugins/com.st.stm32cube.ide.mcu.externaltools.gnu-tools-for-stm32.13.3.rel1.win32_1.0.0.202411081344/tools/bin/../lib/gcc/arm-none-eabi/13.3.1/thumb/v7e-m+fp/hard\libgcc.a

.debug_info     0x00000000     0xd8c7
 .debug_info    0x00000000      0xc26 ./Core/Src/RC522.o
 .debug_info    0x00000c26      0x264 ./Core/Src/button_debounce.o
 .debug_info    0x00000e8a      0x2eb ./Core/Src/cards_and_tags.o
 .debug_info    0x00001175      0x33d ./Core/Src/gpio.o
 .debug_info    0x000014b2      0x347 ./Core/Src/lcd_beep_ui.o
 .debug_info    0x000017f9      0xb06 ./Core/Src/lcd_control.o
 .debug_info    0x000022ff      0x262 ./Core/Src/lcd_init.o
 .debug_info    0x00002561      0x86a ./Core/Src/lcd_run.o
 .debug_info    0x00002dcb      0xc0f ./Core/Src/main.o
 .debug_info    0x000039da      0x8a9 ./Core/Src/spi.o
 .debug_info    0x00004283      0x1a0 ./Core/Src/stm32f3xx_hal_msp.o
 .debug_info    0x00004423      0x113 ./Core/Src/stm32f3xx_it.o
 .debug_info    0x00004536      0x407 ./Core/Src/system_stm32f3xx.o
 .debug_info    0x0000493d      0x91d ./Core/Src/usart.o
 .debug_info    0x0000525a       0x30 ./Core/Startup/startup_stm32f303retx.o
 .debug_info    0x0000528a      0x804 ./Drivers/STM32F3xx_HAL_Driver/Src/stm32f3xx_hal.o
 .debug_info    0x00005a8e      0xd14 ./Drivers/STM32F3xx_HAL_Driver/Src/stm32f3xx_hal_cortex.o
 .debug_info    0x000067a2      0x6a6 ./Drivers/STM32F3xx_HAL_Driver/Src/stm32f3xx_hal_gpio.o
 .debug_info    0x00006e48     0x149a ./Drivers/STM32F3xx_HAL_Driver/Src/stm32f3xx_hal_rcc.o
 .debug_info    0x000082e2      0x61b ./Drivers/STM32F3xx_HAL_Driver/Src/stm32f3xx_hal_rcc_ex.o
 .debug_info    0x000088fd     0x1622 ./Drivers/STM32F3xx_HAL_Driver/Src/stm32f3xx_hal_spi.o
 .debug_info    0x00009f1f     0x39a8 ./Drivers/STM32F3xx_HAL_Driver/Src/stm32f3xx_hal_uart.o

.debug_abbrev   0x00000000     0x2807
 .debug_abbrev  0x00000000      0x29b ./Core/Src/RC522.o
 .debug_abbrev  0x0000029b      0x151 ./Core/Src/button_debounce.o
 .debug_abbrev  0x000003ec      0x183 ./Core/Src/cards_and_tags.o
 .debug_abbrev  0x0000056f      0x151 ./Core/Src/gpio.o
 .debug_abbrev  0x000006c0      0x1b8 ./Core/Src/lcd_beep_ui.o
 .debug_abbrev  0x00000878      0x229 ./Core/Src/lcd_control.o
 .debug_abbrev  0x00000aa1      0x11d ./Core/Src/lcd_init.o
 .debug_abbrev  0x00000bbe      0x219 ./Core/Src/lcd_run.o
 .debug_abbrev  0x00000dd7      0x259 ./Core/Src/main.o
 .debug_abbrev  0x00001030      0x1f7 ./Core/Src/spi.o
 .debug_abbrev  0x00001227       0xe2 ./Core/Src/stm32f3xx_hal_msp.o
 .debug_abbrev  0x00001309       0x73 ./Core/Src/stm32f3xx_it.o
 .debug_abbrev  0x0000137c      0x11a ./Core/Src/system_stm32f3xx.o
 .debug_abbrev  0x00001496      0x1f5 ./Core/Src/usart.o
 .debug_abbrev  0x0000168b       0x24 ./Core/Startup/startup_stm32f303retx.o
 .debug_abbrev  0x000016af      0x215 ./Drivers/STM32F3xx_HAL_Driver/Src/stm32f3xx_hal.o
 .debug_abbrev  0x000018c4      0x31e ./Drivers/STM32F3xx_HAL_Driver/Src/stm32f3xx_hal_cortex.o
 .debug_abbrev  0x00001be2      0x1ca ./Drivers/STM32F3xx_HAL_Driver/Src/stm32f3xx_hal_gpio.o
 .debug_abbrev  0x00001dac      0x300 ./Drivers/STM32F3xx_HAL_Driver/Src/stm32f3xx_hal_rcc.o
 .debug_abbrev  0x000020ac      0x221 ./Drivers/STM32F3xx_HAL_Driver/Src/stm32f3xx_hal_rcc_ex.o
 .debug_abbrev  0x000022cd      0x269 ./Drivers/STM32F3xx_HAL_Driver/Src/stm32f3xx_hal_spi.o
 .debug_abbrev  0x00002536      0x2d1 ./Drivers/STM32F3xx_HAL_Driver/Src/stm32f3xx_hal_uart.o

.debug_aranges  0x00000000      0xa88
 .debug_aranges
                0x00000000       0xa8 ./Core/Src/RC522.o
 .debug_aranges
                0x000000a8       0x20 ./Core/Src/button_debounce.o
 .debug_aranges
                0x000000c8       0x20 ./Core/Src/cards_and_tags.o
 .debug_aranges
                0x000000e8       0x20 ./Core/Src/gpio.o
 .debug_aranges
                0x00000108       0x40 ./Core/Src/lcd_beep_ui.o
 .debug_aranges
                0x00000148       0x70 ./Core/Src/lcd_control.o
 .debug_aranges
                0x000001b8       0x20 ./Core/Src/lcd_init.o
 .debug_aranges
                0x000001d8       0x20 ./Core/Src/lcd_run.o
 .debug_aranges
                0x000001f8       0x38 ./Core/Src/main.o
 .debug_aranges
                0x00000230       0x38 ./Core/Src/spi.o
 .debug_aranges
                0x00000268       0x20 ./Core/Src/stm32f3xx_hal_msp.o
 .debug_aranges
                0x00000288       0x60 ./Core/Src/stm32f3xx_it.o
 .debug_aranges
                0x000002e8       0x28 ./Core/Src/system_stm32f3xx.o
 .debug_aranges
                0x00000310       0x30 ./Core/Src/usart.o
 .debug_aranges
                0x00000340       0x28 ./Core/Startup/startup_stm32f303retx.o
 .debug_aranges
                0x00000368       0xe0 ./Drivers/STM32F3xx_HAL_Driver/Src/stm32f3xx_hal.o
 .debug_aranges
                0x00000448      0x128 ./Drivers/STM32F3xx_HAL_Driver/Src/stm32f3xx_hal_cortex.o
 .debug_aranges
                0x00000570       0x58 ./Drivers/STM32F3xx_HAL_Driver/Src/stm32f3xx_hal_gpio.o
 .debug_aranges
                0x000005c8       0x88 ./Drivers/STM32F3xx_HAL_Driver/Src/stm32f3xx_hal_rcc.o
 .debug_aranges
                0x00000650       0x38 ./Drivers/STM32F3xx_HAL_Driver/Src/stm32f3xx_hal_rcc_ex.o
 .debug_aranges
                0x00000688      0x1d8 ./Drivers/STM32F3xx_HAL_Driver/Src/stm32f3xx_hal_spi.o
 .debug_aranges
                0x00000860      0x228 ./Drivers/STM32F3xx_HAL_Driver/Src/stm32f3xx_hal_uart.o

.debug_rnglists
                0x00000000      0x7f0
 .debug_rnglists
                0x00000000       0x7e ./Core/Src/RC522.o
 .debug_rnglists
                0x0000007e       0x14 ./Core/Src/button_debounce.o
 .debug_rnglists
                0x00000092       0x14 ./Core/Src/cards_and_tags.o
 .debug_rnglists
                0x000000a6       0x14 ./Core/Src/gpio.o
 .debug_rnglists
                0x000000ba       0x2c ./Core/Src/lcd_beep_ui.o
 .debug_rnglists
                0x000000e6       0x50 ./Core/Src/lcd_control.o
 .debug_rnglists
                0x00000136       0x13 ./Core/Src/lcd_init.o
 .debug_rnglists
                0x00000149       0x14 ./Core/Src/lcd_run.o
 .debug_rnglists
                0x0000015d       0x27 ./Core/Src/main.o
 .debug_rnglists
                0x00000184       0x26 ./Core/Src/spi.o
 .debug_rnglists
                0x000001aa       0x13 ./Core/Src/stm32f3xx_hal_msp.o
 .debug_rnglists
                0x000001bd       0x43 ./Core/Src/stm32f3xx_it.o
 .debug_rnglists
                0x00000200       0x1a ./Core/Src/system_stm32f3xx.o
 .debug_rnglists
                0x0000021a       0x20 ./Core/Src/usart.o
 .debug_rnglists
                0x0000023a       0x19 ./Core/Startup/startup_stm32f303retx.o
 .debug_rnglists
                0x00000253       0xa3 ./Drivers/STM32F3xx_HAL_Driver/Src/stm32f3xx_hal.o
 .debug_rnglists
                0x000002f6       0xda ./Drivers/STM32F3xx_HAL_Driver/Src/stm32f3xx_hal_cortex.o
 .debug_rnglists
                0x000003d0       0x3f ./Drivers/STM32F3xx_HAL_Driver/Src/stm32f3xx_hal_gpio.o
 .debug_rnglists
                0x0000040f       0x66 ./Drivers/STM32F3xx_HAL_Driver/Src/stm32f3xx_hal_rcc.o
 .debug_rnglists
                0x00000475       0x29 ./Drivers/STM32F3xx_HAL_Driver/Src/stm32f3xx_hal_rcc_ex.o
 .debug_rnglists
                0x0000049e      0x178 ./Drivers/STM32F3xx_HAL_Driver/Src/stm32f3xx_hal_spi.o
 .debug_rnglists
                0x00000616      0x1da ./Drivers/STM32F3xx_HAL_Driver/Src/stm32f3xx_hal_uart.o

.debug_macro    0x00000000    0x214ef
 .debug_macro   0x00000000      0x1f0 ./Core/Src/RC522.o
 .debug_macro   0x000001f0      0xad8 ./Core/Src/RC522.o
 .debug_macro   0x00000cc8      0x15e ./Core/Src/RC522.o
 .debug_macro   0x00000e26       0x2e ./Core/Src/RC522.o
 .debug_macro   0x00000e54       0x28 ./Core/Src/RC522.o
 .debug_macro   0x00000e7c       0x22 ./Core/Src/RC522.o
 .debug_macro   0x00000e9e       0x8e ./Core/Src/RC522.o
 .debug_macro   0x00000f2c       0x51 ./Core/Src/RC522.o
 .debug_macro   0x00000f7d      0x103 ./Core/Src/RC522.o
 .debug_macro   0x00001080       0x6a ./Core/Src/RC522.o
 .debug_macro   0x000010ea      0x1df ./Core/Src/RC522.o
 .debug_macro   0x000012c9       0x1c ./Core/Src/RC522.o
 .debug_macro   0x000012e5       0x22 ./Core/Src/RC522.o
 .debug_macro   0x00001307       0xd9 ./Core/Src/RC522.o
 .debug_macro   0x000013e0     0x102d ./Core/Src/RC522.o
 .debug_macro   0x0000240d      0x11f ./Core/Src/RC522.o
 .debug_macro   0x0000252c    0x1535a ./Core/Src/RC522.o
 .debug_macro   0x00017886       0x6d ./Core/Src/RC522.o
 .debug_macro   0x000178f3     0x3574 ./Core/Src/RC522.o
 .debug_macro   0x0001ae67      0x190 ./Core/Src/RC522.o
 .debug_macro   0x0001aff7       0x55 ./Core/Src/RC522.o
 .debug_macro   0x0001b04c      0x953 ./Core/Src/RC522.o
 .debug_macro   0x0001b99f      0x84a ./Core/Src/RC522.o
 .debug_macro   0x0001c1e9      0x1b5 ./Core/Src/RC522.o
 .debug_macro   0x0001c39e      0x23a ./Core/Src/RC522.o
 .debug_macro   0x0001c5d8      0x1ea ./Core/Src/RC522.o
 .debug_macro   0x0001c7c2      0x1bc ./Core/Src/RC522.o
 .debug_macro   0x0001c97e       0x30 ./Core/Src/RC522.o
 .debug_macro   0x0001c9ae       0x3c ./Core/Src/RC522.o
 .debug_macro   0x0001c9ea      0x235 ./Core/Src/RC522.o
 .debug_macro   0x0001cc1f       0xc5 ./Core/Src/RC522.o
 .debug_macro   0x0001cce4      0x21d ./Core/Src/RC522.o
 .debug_macro   0x0001cf01      0x22c ./Core/Src/RC522.o
 .debug_macro   0x0001d12d       0x5b ./Core/Src/RC522.o
 .debug_macro   0x0001d188       0xa5 ./Core/Src/RC522.o
 .debug_macro   0x0001d22d       0x81 ./Core/Src/RC522.o
 .debug_macro   0x0001d2ae       0xd3 ./Core/Src/RC522.o
 .debug_macro   0x0001d381      0x2fe ./Core/Src/RC522.o
 .debug_macro   0x0001d67f      0x5ba ./Core/Src/RC522.o
 .debug_macro   0x0001dc39       0x44 ./Core/Src/RC522.o
 .debug_macro   0x0001dc7d      0x347 ./Core/Src/RC522.o
 .debug_macro   0x0001dfc4       0xa0 ./Core/Src/RC522.o
 .debug_macro   0x0001e064      0x23e ./Core/Src/RC522.o
 .debug_macro   0x0001e2a2      0x1f1 ./Core/Src/button_debounce.o
 .debug_macro   0x0001e493      0x1f4 ./Core/Src/cards_and_tags.o
 .debug_macro   0x0001e687       0xd6 ./Core/Src/cards_and_tags.o
 .debug_macro   0x0001e75d      0x1f1 ./Core/Src/gpio.o
 .debug_macro   0x0001e94e      0x218 ./Core/Src/lcd_beep_ui.o
 .debug_macro   0x0001eb66      0x2c2 ./Core/Src/lcd_control.o
 .debug_macro   0x0001ee28       0x61 ./Core/Src/lcd_control.o
 .debug_macro   0x0001ee89       0x2a ./Core/Src/lcd_control.o
 .debug_macro   0x0001eeb3       0x43 ./Core/Src/lcd_control.o
 .debug_macro   0x0001eef6       0x34 ./Core/Src/lcd_control.o
 .debug_macro   0x0001ef2a      0x370 ./Core/Src/lcd_control.o
 .debug_macro   0x0001f29a       0x16 ./Core/Src/lcd_control.o
 .debug_macro   0x0001f2b0       0x4a ./Core/Src/lcd_control.o
 .debug_macro   0x0001f2fa       0x34 ./Core/Src/lcd_control.o
 .debug_macro   0x0001f32e       0x10 ./Core/Src/lcd_control.o
 .debug_macro   0x0001f33e       0x58 ./Core/Src/lcd_control.o
 .debug_macro   0x0001f396       0x8e ./Core/Src/lcd_control.o
 .debug_macro   0x0001f424       0x1c ./Core/Src/lcd_control.o
 .debug_macro   0x0001f440      0x185 ./Core/Src/lcd_control.o
 .debug_macro   0x0001f5c5       0x10 ./Core/Src/lcd_control.o
 .debug_macro   0x0001f5d5       0x3c ./Core/Src/lcd_control.o
 .debug_macro   0x0001f611       0x20 ./Core/Src/lcd_control.o
 .debug_macro   0x0001f631      0x1f4 ./Core/Src/lcd_init.o
 .debug_macro   0x0001f825      0x2d5 ./Core/Src/lcd_run.o
 .debug_macro   0x0001fafa      0x307 ./Core/Src/main.o
 .debug_macro   0x0001fe01      0x1f1 ./Core/Src/spi.o
 .debug_macro   0x0001fff2      0x1e7 ./Core/Src/stm32f3xx_hal_msp.o
 .debug_macro   0x000201d9      0x1f1 ./Core/Src/stm32f3xx_it.o
 .debug_macro   0x000203ca      0x1d8 ./Core/Src/system_stm32f3xx.o
 .debug_macro   0x000205a2      0x1f1 ./Core/Src/usart.o
 .debug_macro   0x00020793      0x1fc ./Drivers/STM32F3xx_HAL_Driver/Src/stm32f3xx_hal.o
 .debug_macro   0x0002098f      0x1d8 ./Drivers/STM32F3xx_HAL_Driver/Src/stm32f3xx_hal_cortex.o
 .debug_macro   0x00020b67      0x1df ./Drivers/STM32F3xx_HAL_Driver/Src/stm32f3xx_hal_gpio.o
 .debug_macro   0x00020d46      0x1fc ./Drivers/STM32F3xx_HAL_Driver/Src/stm32f3xx_hal_rcc.o
 .debug_macro   0x00020f42      0x1d8 ./Drivers/STM32F3xx_HAL_Driver/Src/stm32f3xx_hal_rcc_ex.o
 .debug_macro   0x0002111a      0x1e0 ./Drivers/STM32F3xx_HAL_Driver/Src/stm32f3xx_hal_spi.o
 .debug_macro   0x000212fa      0x1f5 ./Drivers/STM32F3xx_HAL_Driver/Src/stm32f3xx_hal_uart.o

.debug_line     0x00000000    0x10fad
 .debug_line    0x00000000      0xc15 ./Core/Src/RC522.o
 .debug_line    0x00000c15      0x7ed ./Core/Src/button_debounce.o
 .debug_line    0x00001402      0x7b8 ./Core/Src/cards_and_tags.o
 .debug_line    0x00001bba      0x799 ./Core/Src/gpio.o
 .debug_line    0x00002353      0x8c5 ./Core/Src/lcd_beep_ui.o
 .debug_line    0x00002c18      0xac7 ./Core/Src/lcd_control.o
 .debug_line    0x000036df      0x7ab ./Core/Src/lcd_init.o
 .debug_line    0x00003e8a      0x967 ./Core/Src/lcd_run.o
 .debug_line    0x000047f1      0xa37 ./Core/Src/main.o
 .debug_line    0x00005228      0x86e ./Core/Src/spi.o
 .debug_line    0x00005a96      0x772 ./Core/Src/stm32f3xx_hal_msp.o
 .debug_line    0x00006208      0x820 ./Core/Src/stm32f3xx_it.o
 .debug_line    0x00006a28      0x7f0 ./Core/Src/system_stm32f3xx.o
 .debug_line    0x00007218      0x7e5 ./Core/Src/usart.o
 .debug_line    0x000079fd       0x7a ./Core/Startup/startup_stm32f303retx.o
 .debug_line    0x00007a77      0xa27 ./Drivers/STM32F3xx_HAL_Driver/Src/stm32f3xx_hal.o
 .debug_line    0x0000849e      0xcf2 ./Drivers/STM32F3xx_HAL_Driver/Src/stm32f3xx_hal_cortex.o
 .debug_line    0x00009190      0xb9a ./Drivers/STM32F3xx_HAL_Driver/Src/stm32f3xx_hal_gpio.o
 .debug_line    0x00009d2a     0x159e ./Drivers/STM32F3xx_HAL_Driver/Src/stm32f3xx_hal_rcc.o
 .debug_line    0x0000b2c8      0xf8a ./Drivers/STM32F3xx_HAL_Driver/Src/stm32f3xx_hal_rcc_ex.o
 .debug_line    0x0000c252     0x20b8 ./Drivers/STM32F3xx_HAL_Driver/Src/stm32f3xx_hal_spi.o
 .debug_line    0x0000e30a     0x2ca3 ./Drivers/STM32F3xx_HAL_Driver/Src/stm32f3xx_hal_uart.o

.debug_str      0x00000000    0xc28c6
 .debug_str     0x00000000    0xc28c6 ./Core/Src/RC522.o
                              0xbd17e (size before relaxing)
 .debug_str     0x000c28c6    0xbc5a7 ./Core/Src/button_debounce.o
 .debug_str     0x000c28c6    0xbc7e4 ./Core/Src/cards_and_tags.o
 .debug_str     0x000c28c6    0xbc5c9 ./Core/Src/gpio.o
 .debug_str     0x000c28c6    0xbc88b ./Core/Src/lcd_beep_ui.o
 .debug_str     0x000c28c6    0xbfe90 ./Core/Src/lcd_control.o
 .debug_str     0x000c28c6    0xbc7cd ./Core/Src/lcd_init.o
 .debug_str     0x000c28c6    0xc0492 ./Core/Src/lcd_run.o
 .debug_str     0x000c28c6    0xc0895 ./Core/Src/main.o
 .debug_str     0x000c28c6    0xbca0e ./Core/Src/spi.o
 .debug_str     0x000c28c6    0xbc51b ./Core/Src/stm32f3xx_hal_msp.o
 .debug_str     0x000c28c6    0xbc52d ./Core/Src/stm32f3xx_it.o
 .debug_str     0x000c28c6    0xbc35b ./Core/Src/system_stm32f3xx.o
 .debug_str     0x000c28c6    0xbca51 ./Core/Src/usart.o
 .debug_str     0x000c28c6       0x80 ./Core/Startup/startup_stm32f303retx.o
 .debug_str     0x000c28c6    0xbcc04 ./Drivers/STM32F3xx_HAL_Driver/Src/stm32f3xx_hal.o
 .debug_str     0x000c28c6    0xbcc88 ./Drivers/STM32F3xx_HAL_Driver/Src/stm32f3xx_hal_cortex.o
 .debug_str     0x000c28c6    0xbc540 ./Drivers/STM32F3xx_HAL_Driver/Src/stm32f3xx_hal_gpio.o
 .debug_str     0x000c28c6    0xbc7ff ./Drivers/STM32F3xx_HAL_Driver/Src/stm32f3xx_hal_rcc.o
 .debug_str     0x000c28c6    0xbc649 ./Drivers/STM32F3xx_HAL_Driver/Src/stm32f3xx_hal_rcc_ex.o
 .debug_str     0x000c28c6    0xbcc81 ./Drivers/STM32F3xx_HAL_Driver/Src/stm32f3xx_hal_spi.o
 .debug_str     0x000c28c6    0xbd07e ./Drivers/STM32F3xx_HAL_Driver/Src/stm32f3xx_hal_uart.o

.comment        0x00000000       0x43
 .comment       0x00000000       0x43 ./Core/Src/RC522.o
                                 0x44 (size before relaxing)
 .comment       0x00000043       0x44 ./Core/Src/button_debounce.o
 .comment       0x00000043       0x44 ./Core/Src/cards_and_tags.o
 .comment       0x00000043       0x44 ./Core/Src/gpio.o
 .comment       0x00000043       0x44 ./Core/Src/lcd_beep_ui.o
 .comment       0x00000043       0x44 ./Core/Src/lcd_control.o
 .comment       0x00000043       0x44 ./Core/Src/lcd_init.o
 .comment       0x00000043       0x44 ./Core/Src/lcd_run.o
 .comment       0x00000043       0x44 ./Core/Src/main.o
 .comment       0x00000043       0x44 ./Core/Src/spi.o
 .comment       0x00000043       0x44 ./Core/Src/stm32f3xx_hal_msp.o
 .comment       0x00000043       0x44 ./Core/Src/stm32f3xx_it.o
 .comment       0x00000043       0x44 ./Core/Src/system_stm32f3xx.o
 .comment       0x00000043       0x44 ./Core/Src/usart.o
 .comment       0x00000043       0x44 ./Drivers/STM32F3xx_HAL_Driver/Src/stm32f3xx_hal.o
 .comment       0x00000043       0x44 ./Drivers/STM32F3xx_HAL_Driver/Src/stm32f3xx_hal_cortex.o
 .comment       0x00000043       0x44 ./Drivers/STM32F3xx_HAL_Driver/Src/stm32f3xx_hal_gpio.o
 .comment       0x00000043       0x44 ./Drivers/STM32F3xx_HAL_Driver/Src/stm32f3xx_hal_rcc.o
 .comment       0x00000043       0x44 ./Drivers/STM32F3xx_HAL_Driver/Src/stm32f3xx_hal_rcc_ex.o
 .comment       0x00000043       0x44 ./Drivers/STM32F3xx_HAL_Driver/Src/stm32f3xx_hal_spi.o
 .comment       0x00000043       0x44 ./Drivers/STM32F3xx_HAL_Driver/Src/stm32f3xx_hal_uart.o

.debug_frame    0x00000000     0x27f4
 .debug_frame   0x00000000      0x288 ./Core/Src/RC522.o
 .debug_frame   0x00000288       0x34 ./Core/Src/button_debounce.o
 .debug_frame   0x000002bc       0x34 ./Core/Src/cards_and_tags.o
 .debug_frame   0x000002f0       0x34 ./Core/Src/gpio.o
 .debug_frame   0x00000324       0xb8 ./Core/Src/lcd_beep_ui.o
 .debug_frame   0x000003dc      0x19c ./Core/Src/lcd_control.o
 .debug_frame   0x00000578       0x34 ./Core/Src/lcd_init.o
 .debug_frame   0x000005ac       0x38 ./Core/Src/lcd_run.o
 .debug_frame   0x000005e4       0x94 ./Core/Src/main.o
 .debug_frame   0x00000678       0x90 ./Core/Src/spi.o
 .debug_frame   0x00000708       0x34 ./Core/Src/stm32f3xx_hal_msp.o
 .debug_frame   0x0000073c      0x104 ./Core/Src/stm32f3xx_it.o
 .debug_frame   0x00000840       0x58 ./Core/Src/system_stm32f3xx.o
 .debug_frame   0x00000898       0x74 ./Core/Src/usart.o
 .debug_frame   0x0000090c      0x334 ./Drivers/STM32F3xx_HAL_Driver/Src/stm32f3xx_hal.o
 .debug_frame   0x00000c40      0x4e8 ./Drivers/STM32F3xx_HAL_Driver/Src/stm32f3xx_hal_cortex.o
 .debug_frame   0x00001128      0x14c ./Drivers/STM32F3xx_HAL_Driver/Src/stm32f3xx_hal_gpio.o
 .debug_frame   0x00001274      0x214 ./Drivers/STM32F3xx_HAL_Driver/Src/stm32f3xx_hal_rcc.o
 .debug_frame   0x00001488       0xb0 ./Drivers/STM32F3xx_HAL_Driver/Src/stm32f3xx_hal_rcc_ex.o
 .debug_frame   0x00001538      0x860 ./Drivers/STM32F3xx_HAL_Driver/Src/stm32f3xx_hal_spi.o
 .debug_frame   0x00001d98      0x9e8 ./Drivers/STM32F3xx_HAL_Driver/Src/stm32f3xx_hal_uart.o
 .debug_frame   0x00002780       0x28 C:/ST/STM32CubeIDE_1.19.0/STM32CubeIDE/plugins/com.st.stm32cube.ide.mcu.externaltools.gnu-tools-for-stm32.13.3.rel1.win32_1.0.0.202411081344/tools/bin/../lib/gcc/arm-none-eabi/13.3.1/../../../../arm-none-eabi/lib/thumb/v7e-m+fp/hard\libc_nano.a(libc_a-memcmp.o)
 .debug_frame   0x000027a8       0x20 C:/ST/STM32CubeIDE_1.19.0/STM32CubeIDE/plugins/com.st.stm32cube.ide.mcu.externaltools.gnu-tools-for-stm32.13.3.rel1.win32_1.0.0.202411081344/tools/bin/../lib/gcc/arm-none-eabi/13.3.1/../../../../arm-none-eabi/lib/thumb/v7e-m+fp/hard\libc_nano.a(libc_a-memset.o)
 .debug_frame   0x000027c8       0x2c C:/ST/STM32CubeIDE_1.19.0/STM32CubeIDE/plugins/com.st.stm32cube.ide.mcu.externaltools.gnu-tools-for-stm32.13.3.rel1.win32_1.0.0.202411081344/tools/bin/../lib/gcc/arm-none-eabi/13.3.1/../../../../arm-none-eabi/lib/thumb/v7e-m+fp/hard\libc_nano.a(libc_a-init.o)

.debug_line_str
                0x00000000       0x64
 .debug_line_str
                0x00000000       0x64 ./Core/Startup/startup_stm32f303retx.o
